// Jest Snapshot v1, https://goo.gl/fbAQLP

exports[`<Caculator /> Should render and match the snapshot 1`] = `
<div>
  <mockedscreen
    value="0"
  />
  <mockedkeypad
    layout="[object Object],[object Object],[object Object],[object Object],[object Object],[object Object],[object Object],[object Object],[object Object],[object Object],[object Object],[object Object],[object Object],[object Object],[object Object],[object Object]"
  />
</div>
`;
