// Jest Snapshot v1, https://goo.gl/fbAQLP

exports[`<HomePage /> should render and match the snapshot 1`] = `
<div>
  <h2>
    Calculator
  </h2>
  <p>
    This is a simple calculator application, you can click on the buttons of application or press keyboard also.
  </p>
  <mockedcalculator />
</div>
`;
